[     500ms] [LOG] [Fast Refresh] rebuilding @ http://nbjcl.localhost:3001/_next/static/chunks/5ce7f_next_dist_b6c93851._.js:2297
[    1718ms] [LOG] [Fast Refresh] done in 1326ms @ http://nbjcl.localhost:3001/_next/static/chunks/5ce7f_next_dist_b6c93851._.js:2297
[    3525ms] [INFO] %cDownload the React DevTools for a better development experience: https://react.dev/link/react-devtools font-weight:bold @ http://nbjcl.localhost:3001/_next/static/chunks/5ce7f_next_dist_b6c93851._.js:2297
[    3938ms] [LOG] [HMR] connected @ http://nbjcl.localhost:3001/_next/static/chunks/5ce7f_next_dist_b6c93851._.js:2297
[  114633ms] [LOG] [Fast Refresh] rebuilding @ http://nbjcl.localhost:3001/_next/static/chunks/5ce7f_next_dist_b6c93851._.js:2297
[  121032ms] [LOG] [Fast Refresh] done in 6513ms @ http://nbjcl.localhost:3001/_next/static/chunks/5ce7f_next_dist_b6c93851._.js:2297
[  147318ms] [LOG] [Fast Refresh] rebuilding @ http://nbjcl.localhost:3001/_next/static/chunks/5ce7f_next_dist_b6c93851._.js:2297
[  149072ms] [LOG] [Fast Refresh] done in 1858ms @ http://nbjcl.localhost:3001/_next/static/chunks/5ce7f_next_dist_b6c93851._.js:2297
[  157552ms] [LOG] [Fast Refresh] rebuilding @ http://nbjcl.localhost:3001/_next/static/chunks/5ce7f_next_dist_b6c93851._.js:2297
[  159180ms] [LOG] [Fast Refresh] done in 1732ms @ http://nbjcl.localhost:3001/_next/static/chunks/5ce7f_next_dist_b6c93851._.js:2297
[  166214ms] [LOG] [Fast Refresh] rebuilding @ http://nbjcl.localhost:3001/_next/static/chunks/5ce7f_next_dist_b6c93851._.js:2297
[  167815ms] [LOG] [Fast Refresh] done in 1713ms @ http://nbjcl.localhost:3001/_next/static/chunks/5ce7f_next_dist_b6c93851._.js:2297
[  343941ms] [LOG] [Fast Refresh] rebuilding @ http://nbjcl.localhost:3001/_next/static/chunks/5ce7f_next_dist_b6c93851._.js:2297
[  347623ms] TypeError: Cannot read properties of undefined (reading 'employees')
    at WagesSalaryProcessPage (http://nbjcl.localhost:3001/_next/static/chunks/_b3d1f5b0._.js?id=%255Bproject%255D%252Fsrc%252Fapp%252Fdashboardportal%252Fwagesmenus%252FwagesSalaryProcess%252Fpage.tsx+%255Bapp-client%255D+%2528ecmascript%2529:305:39)
    at Object.react_stack_bottom_frame (http://nbjcl.localhost:3001/_next/static/chunks/5ce7f_next_dist_compiled_react-dom_aa2189c6._.js:14826:24)
    at renderWithHooks (http://nbjcl.localhost:3001/_next/static/chunks/5ce7f_next_dist_compiled_react-dom_aa2189c6._.js:4651:24)
    at updateFunctionComponent (http://nbjcl.localhost:3001/_next/static/chunks/5ce7f_next_dist_compiled_react-dom_aa2189c6._.js:6112:21)
    at beginWork (http://nbjcl.localhost:3001/_next/static/chunks/5ce7f_next_dist_compiled_react-dom_aa2189c6._.js:6708:24)
    at runWithFiberInDEV (http://nbjcl.localhost:3001/_next/static/chunks/5ce7f_next_dist_compiled_react-dom_aa2189c6._.js:965:74)
    at performUnitOfWork (http://nbjcl.localhost:3001/_next/static/chunks/5ce7f_next_dist_compiled_react-dom_aa2189c6._.js:9562:97)
    at workLoopSync (http://nbjcl.localhost:3001/_next/static/chunks/5ce7f_next_dist_compiled_react-dom_aa2189c6._.js:9456:40)
    at renderRootSync (http://nbjcl.localhost:3001/_next/static/chunks/5ce7f_next_dist_compiled_react-dom_aa2189c6._.js:9440:13)
    at performWorkOnRoot (http://nbjcl.localhost:3001/_next/static/chunks/5ce7f_next_dist_compiled_react-dom_aa2189c6._.js:9105:47)
    at performSyncWorkOnRoot (http://nbjcl.localhost:3001/_next/static/chunks/5ce7f_next_dist_compiled_react-dom_aa2189c6._.js:10238:9)
    at flushSyncWorkAcrossRoots_impl (http://nbjcl.localhost:3001/_next/static/chunks/5ce7f_next_dist_compiled_react-dom_aa2189c6._.js:10154:316)
    at flushSyncWork$1 (http://nbjcl.localhost:3001/_next/static/chunks/5ce7f_next_dist_compiled_react-dom_aa2189c6._.js:9237:86)
    at Object.scheduleRefresh (http://nbjcl.localhost:3001/_next/static/chunks/5ce7f_next_dist_compiled_react-dom_aa2189c6._.js:299:13)
    at http://nbjcl.localhost:3001/_next/static/chunks/5ce7f_next_dist_compiled_0a376505._.js:391:33
    at Set.forEach (<anonymous>)
    at Object.performReactRefresh (http://nbjcl.localhost:3001/_next/static/chunks/5ce7f_next_dist_compiled_0a376505._.js:384:38)
    at applyUpdate (http://nbjcl.localhost:3001/_next/static/chunks/5ce7f_next_dist_compiled_0a376505._.js:878:31)
    at http://nbjcl.localhost:3001/_next/static/chunks/5ce7f_next_dist_compiled_0a376505._.js:886:13
[  347623ms] [LOG] [Fast Refresh] done in 3570ms @ http://nbjcl.localhost:3001/_next/static/chunks/5ce7f_next_dist_b6c93851._.js:2297
[  347954ms] [LOG] [Fast Refresh] rebuilding @ http://nbjcl.localhost:3001/_next/static/chunks/5ce7f_next_dist_b6c93851._.js:2297
[  348918ms] [LOG] [Fast Refresh] done in 1078ms @ http://nbjcl.localhost:3001/_next/static/chunks/5ce7f_next_dist_b6c93851._.js:2297
