[   51512ms] [LOG] [Fast Refresh] rebuilding @ http://nbjcl.localhost:3001/_next/static/chunks/5ce7f_next_dist_b6c93851._.js:2297
[   52733ms] [LOG] [Fast Refresh] done in 1327ms @ http://nbjcl.localhost:3001/_next/static/chunks/5ce7f_next_dist_b6c93851._.js:2297
[  452734ms] [LOG] [Fast Refresh] rebuilding @ http://nbjcl.localhost:3001/_next/static/chunks/5ce7f_next_dist_b6c93851._.js:2297
[  452815ms] [LOG] [Fast Refresh] done in 189ms @ http://nbjcl.localhost:3001/_next/static/chunks/5ce7f_next_dist_b6c93851._.js:2297
[  497703ms] [ERROR] Failed to load resource: the server responded with a status of 404 (Not Found) @ http://nbjcl.localhost:3001/api/hrms/loan_employee?branch_id=87&code=0421427&as_of=2026-09-27:0
[  502111ms] [ERROR] Failed to load resource: the server responded with a status of 404 (Not Found) @ http://nbjcl.localhost:3001/api/hrms/loan_employee?branch_id=87&code=421427&as_of=2026-09-27:0
[  509887ms] [ERROR] Failed to load resource: the server responded with a status of 404 (Not Found) @ http://nbjcl.localhost:3001/api/hrms/loan_employee?branch_id=87&code=021427&as_of=2026-09-27:0
[  859280ms] [LOG] [Fast Refresh] rebuilding @ http://nbjcl.localhost:3001/_next/static/chunks/5ce7f_next_dist_b6c93851._.js:2297
[  860545ms] [LOG] [Fast Refresh] done in 1266ms @ http://nbjcl.localhost:3001/_next/static/chunks/5ce7f_next_dist_b6c93851._.js:2297
[  861379ms] [LOG] [Fast Refresh] rebuilding @ http://nbjcl.localhost:3001/_next/static/chunks/5ce7f_next_dist_b6c93851._.js:2297
[  862473ms] [LOG] [Fast Refresh] done in 1035ms @ http://nbjcl.localhost:3001/_next/static/chunks/5ce7f_next_dist_b6c93851._.js:2297
[  862595ms] [LOG] [Fast Refresh] rebuilding @ http://nbjcl.localhost:3001/_next/static/chunks/5ce7f_next_dist_b6c93851._.js:2297
[  863925ms] [LOG] [Fast Refresh] done in 1354ms @ http://nbjcl.localhost:3001/_next/static/chunks/5ce7f_next_dist_b6c93851._.js:2297
[  864642ms] [LOG] [Fast Refresh] rebuilding @ http://nbjcl.localhost:3001/_next/static/chunks/5ce7f_next_dist_b6c93851._.js:2297
[  865402ms] [LOG] [Fast Refresh] done in 764ms @ http://nbjcl.localhost:3001/_next/static/chunks/5ce7f_next_dist_b6c93851._.js:2297
[  915367ms] [LOG] [Fast Refresh] rebuilding @ http://nbjcl.localhost:3001/_next/static/chunks/5ce7f_next_dist_b6c93851._.js:2297
[  916856ms] [LOG] [Fast Refresh] done in 1451ms @ http://nbjcl.localhost:3001/_next/static/chunks/5ce7f_next_dist_b6c93851._.js:2297
[ 4253618ms] [LOG] [Fast Refresh] rebuilding @ http://nbjcl.localhost:3001/_next/static/chunks/5ce7f_next_dist_b6c93851._.js:2297
[ 4268014ms] [LOG] [Fast Refresh] done in 14511ms @ http://nbjcl.localhost:3001/_next/static/chunks/5ce7f_next_dist_b6c93851._.js:2297
[ 4268209ms] [LOG] [Fast Refresh] rebuilding @ http://nbjcl.localhost:3001/_next/static/chunks/5ce7f_next_dist_b6c93851._.js:2297
[ 4268380ms] [LOG] [Fast Refresh] done in 279ms @ http://nbjcl.localhost:3001/_next/static/chunks/5ce7f_next_dist_b6c93851._.js:2297
[ 4276351ms] [LOG] [Fast Refresh] rebuilding @ http://nbjcl.localhost:3001/_next/static/chunks/5ce7f_next_dist_b6c93851._.js:2297
[ 4276418ms] [LOG] [Fast Refresh] done in 180ms @ http://nbjcl.localhost:3001/_next/static/chunks/5ce7f_next_dist_b6c93851._.js:2297
